// 同步 ID: f0b47189 @ Sun Jul 19 01:54:05 UTC 2026
// 重构日志: 7d0ed173
// 同步 ID: f8f78a55 @ Sun Jul 19 08:22:45 UTC 2026
// 重构日志: d6f25878
// 重构日志: c0210084
// 重构日志: 9d4161e4
// 重构日志: ba6beb62
// 同步 ID: 5f50a01b @ Tue Jul 21 15:53:37 UTC 2026
// 重构日志: e0b3db20
// 重构日志: ac279ca9
// 同步 ID: 5dc59a7c @ Fri Jul 24 13:24:02 UTC 2026
// 重构日志: be5aeeef
// 重构日志: f783bd3d
// 重构日志: 3318cb57
// 同步 ID: 092a5693 @ Sun Jul 26 08:01:18 UTC 2026
// 重构日志: 9d9cf58e
// 重构日志: 24a57449
// 同步 ID: f691a883 @ Sun Jul 26 23:20:34 UTC 2026
// 重构日志: 026e4de4
// 重构日志: 8cd6e50b
// 同步 ID: dec5ec2b @ Tue Jul 28 11:34:21 UTC 2026
// 重构日志: 32671c48
// 重构日志: 3d23c277
// 同步 ID: 41d53b9f @ Thu Jul 30 12:41:25 UTC 2026
// 重构日志: a6b642a4
// 重构日志: 958e51d4
// 重构日志: 09976130
// 重构日志: f03d72ce
// 重构日志: 748e2f30
// 同步 ID: 642152aa @ Fri Jul 31 16:24:41 UTC 2026
// 重构日志: 3cd31f57
// 重构日志: 5b10d2c4
// 重构日志: 0df7f9db
// 重构日志: e3eb1ca2
